Archive member included to satisfy reference by file (symbol)

c:/program files (x86)/atollic/truestudio for arm 6.0.0/armtools/bin/../lib/gcc/arm-atollic-eabi/5.3.1/../../../../arm-atollic-eabi/lib/armv7e-m/fpu\libc.a(lib_a-init.o)
                              Drivers\CMSIS\Device\ST\STM32F3xx\Source\Templates\gcc\startup_stm32f303xc.o (__libc_init_array)

Allocating common symbols
Common symbol       size              file

uwTick              0x4               Drivers\STM32F3xx_HAL_Driver\Src\stm32f3xx_hal.o
pFlash              0x20              Drivers\STM32F3xx_HAL_Driver\Src\stm32f3xx_hal_flash.o

Discarded input sections

 .text          0x00000000        0x0 c:/program files (x86)/atollic/truestudio for arm 6.0.0/armtools/bin/../lib/gcc/arm-atollic-eabi/5.3.1/armv7e-m/fpu/crti.o
 .data          0x00000000        0x0 c:/program files (x86)/atollic/truestudio for arm 6.0.0/armtools/bin/../lib/gcc/arm-atollic-eabi/5.3.1/armv7e-m/fpu/crti.o
 .bss           0x00000000        0x0 c:/program files (x86)/atollic/truestudio for arm 6.0.0/armtools/bin/../lib/gcc/arm-atollic-eabi/5.3.1/armv7e-m/fpu/crti.o
 .data          0x00000000        0x4 c:/program files (x86)/atollic/truestudio for arm 6.0.0/armtools/bin/../lib/gcc/arm-atollic-eabi/5.3.1/armv7e-m/fpu/crtbegin.o
 .text          0x00000000       0x14 Drivers\CMSIS\Device\ST\STM32F3xx\Source\Templates\gcc\startup_stm32f303xc.o
 .data          0x00000000        0x0 Drivers\CMSIS\Device\ST\STM32F3xx\Source\Templates\gcc\startup_stm32f303xc.o
 .bss           0x00000000        0x0 Drivers\CMSIS\Device\ST\STM32F3xx\Source\Templates\gcc\startup_stm32f303xc.o
 .text          0x00000000        0x0 Drivers\CMSIS\Device\ST\STM32F3xx\Source\Templates\system_stm32f3xx.o
 .data          0x00000000        0x0 Drivers\CMSIS\Device\ST\STM32F3xx\Source\Templates\system_stm32f3xx.o
 .bss           0x00000000        0x0 Drivers\CMSIS\Device\ST\STM32F3xx\Source\Templates\system_stm32f3xx.o
 .text.SystemCoreClockUpdate
                0x00000000       0x8c Drivers\CMSIS\Device\ST\STM32F3xx\Source\Templates\system_stm32f3xx.o
 .rodata.APBPrescTable
                0x00000000        0x8 Drivers\CMSIS\Device\ST\STM32F3xx\Source\Templates\system_stm32f3xx.o
 .text          0x00000000        0x0 Drivers\STM32F3xx_HAL_Driver\Src\stm32f3xx_hal.o
 .data          0x00000000        0x0 Drivers\STM32F3xx_HAL_Driver\Src\stm32f3xx_hal.o
 .bss           0x00000000        0x0 Drivers\STM32F3xx_HAL_Driver\Src\stm32f3xx_hal.o
 .text.HAL_MspInit
                0x00000000        0x4 Drivers\STM32F3xx_HAL_Driver\Src\stm32f3xx_hal.o
 .text.HAL_MspDeInit
                0x00000000        0x4 Drivers\STM32F3xx_HAL_Driver\Src\stm32f3xx_hal.o
 .text.HAL_DeInit
                0x00000000       0x24 Drivers\STM32F3xx_HAL_Driver\Src\stm32f3xx_hal.o
 .text.HAL_SuspendTick
                0x00000000       0x10 Drivers\STM32F3xx_HAL_Driver\Src\stm32f3xx_hal.o
 .text.HAL_ResumeTick
                0x00000000       0x10 Drivers\STM32F3xx_HAL_Driver\Src\stm32f3xx_hal.o
 .text.HAL_GetHalVersion
                0x00000000        0x8 Drivers\STM32F3xx_HAL_Driver\Src\stm32f3xx_hal.o
 .text.HAL_GetREVID
                0x00000000        0xc Drivers\STM32F3xx_HAL_Driver\Src\stm32f3xx_hal.o
 .text.HAL_GetDEVID
                0x00000000       0x10 Drivers\STM32F3xx_HAL_Driver\Src\stm32f3xx_hal.o
 .text.HAL_DBGMCU_EnableDBGSleepMode
                0x00000000       0x10 Drivers\STM32F3xx_HAL_Driver\Src\stm32f3xx_hal.o
 .text.HAL_DBGMCU_DisableDBGSleepMode
                0x00000000       0x10 Drivers\STM32F3xx_HAL_Driver\Src\stm32f3xx_hal.o
 .text.HAL_DBGMCU_EnableDBGStopMode
                0x00000000       0x10 Drivers\STM32F3xx_HAL_Driver\Src\stm32f3xx_hal.o
 .text.HAL_DBGMCU_DisableDBGStopMode
                0x00000000       0x10 Drivers\STM32F3xx_HAL_Driver\Src\stm32f3xx_hal.o
 .text.HAL_DBGMCU_EnableDBGStandbyMode
                0x00000000       0x10 Drivers\STM32F3xx_HAL_Driver\Src\stm32f3xx_hal.o
 .text.HAL_DBGMCU_DisableDBGStandbyMode
                0x00000000       0x10 Drivers\STM32F3xx_HAL_Driver\Src\stm32f3xx_hal.o
 .text          0x00000000        0x0 Drivers\STM32F3xx_HAL_Driver\Src\stm32f3xx_hal_cortex.o
 .data          0x00000000        0x0 Drivers\STM32F3xx_HAL_Driver\Src\stm32f3xx_hal_cortex.o
 .bss           0x00000000        0x0 Drivers\STM32F3xx_HAL_Driver\Src\stm32f3xx_hal_cortex.o
 .text.HAL_NVIC_EnableIRQ
                0x00000000       0x18 Drivers\STM32F3xx_HAL_Driver\Src\stm32f3xx_hal_cortex.o
 .text.HAL_NVIC_DisableIRQ
                0x00000000       0x1c Drivers\STM32F3xx_HAL_Driver\Src\stm32f3xx_hal_cortex.o
 .text.HAL_NVIC_SystemReset
                0x00000000       0x24 Drivers\STM32F3xx_HAL_Driver\Src\stm32f3xx_hal_cortex.o
 .text.HAL_MPU_ConfigRegion
                0x00000000       0x54 Drivers\STM32F3xx_HAL_Driver\Src\stm32f3xx_hal_cortex.o
 .text.HAL_NVIC_GetPriorityGrouping
[...]
Memory Configuration

Name             Origin             Length             Attributes
FLASH            0x08000000         0x00040000         xr
RAM              0x20000000         0x0000a000         xrw
CCMRAM           0x10000000         0x00002000         rw
*default*        0x00000000         0xffffffff

Linker script and memory map

LOAD c:/program files (x86)/atollic/truestudio for arm 6.0.0/armtools/bin/../lib/gcc/arm-atollic-eabi/5.3.1/armv7e-m/fpu/crti.o
LOAD c:/program files (x86)/atollic/truestudio for arm 6.0.0/armtools/bin/../lib/gcc/arm-atollic-eabi/5.3.1/armv7e-m/fpu/crtbegin.o
LOAD Drivers\CMSIS\Device\ST\STM32F3xx\Source\Templates\gcc\startup_stm32f303xc.o
LOAD Drivers\CMSIS\Device\ST\STM32F3xx\Source\Templates\system_stm32f3xx.o
LOAD Drivers\STM32F3xx_HAL_Driver\Src\stm32f3xx_hal.o
LOAD Drivers\STM32F3xx_HAL_Driver\Src\stm32f3xx_hal_cortex.o
LOAD Drivers\STM32F3xx_HAL_Driver\Src\stm32f3xx_hal_dma.o
LOAD Drivers\STM32F3xx_HAL_Driver\Src\stm32f3xx_hal_flash.o
LOAD Drivers\STM32F3xx_HAL_Driver\Src\stm32f3xx_hal_flash_ex.o
LOAD Drivers\STM32F3xx_HAL_Driver\Src\stm32f3xx_hal_gpio.o
LOAD Drivers\STM32F3xx_HAL_Driver\Src\stm32f3xx_hal_i2c.o
LOAD Drivers\STM32F3xx_HAL_Driver\Src\stm32f3xx_hal_i2c_ex.o
LOAD Drivers\STM32F3xx_HAL_Driver\Src\stm32f3xx_hal_pwr.o
LOAD Drivers\STM32F3xx_HAL_Driver\Src\stm32f3xx_hal_pwr_ex.o
LOAD Drivers\STM32F3xx_HAL_Driver\Src\stm32f3xx_hal_rcc.o
LOAD Drivers\STM32F3xx_HAL_Driver\Src\stm32f3xx_hal_rcc_ex.o
LOAD Drivers\STM32F3xx_HAL_Driver\Src\stm32f3xx_hal_tim.o
LOAD Drivers\STM32F3xx_HAL_Driver\Src\stm32f3xx_hal_tim_ex.o
LOAD Src\main.o
LOAD Src\stm32f3xx_hal_msp.o
LOAD Src\stm32f3xx_it.o
START GROUP
LOAD c:/program files (x86)/atollic/truestudio for arm 6.0.0/armtools/bin/../lib/gcc/arm-atollic-eabi/5.3.1/../../../../arm-atollic-eabi/lib/armv7e-m/fpu\libc.a
LOAD c:/program files (x86)/atollic/truestudio for arm 6.0.0/armtools/bin/../lib/gcc/arm-atollic-eabi/5.3.1/../../../../arm-atollic-eabi/lib/armv7e-m/fpu\libm.a
END GROUP
                0x00000080                malloc_getpagesize_P = 0x80
START GROUP
LOAD c:/program files (x86)/atollic/truestudio for arm 6.0.0/armtools/bin/../lib/gcc/arm-atollic-eabi/5.3.1/armv7e-m/fpu\libgcc.a
LOAD c:/program files (x86)/atollic/truestudio for arm 6.0.0/armtools/bin/../lib/gcc/arm-atollic-eabi/5.3.1/../../../../arm-atollic-eabi/lib/armv7e-m/fpu\libc.a
END GROUP
START GROUP
LOAD c:/program files (x86)/atollic/truestudio for arm 6.0.0/armtools/bin/../lib/gcc/arm-atollic-eabi/5.3.1/armv7e-m/fpu\libgcc.a
LOAD c:/program files (x86)/atollic/truestudio for arm 6.0.0/armtools/bin/../lib/gcc/arm-atollic-eabi/5.3.1/../../../../arm-atollic-eabi/lib/armv7e-m/fpu\libc.a
LOAD c:/program files (x86)/atollic/truestudio for arm 6.0.0/armtools/bin/../lib/gcc/arm-atollic-eabi/5.3.1/../../../../arm-atollic-eabi/lib/armv7e-m/fpu\libnosys.a
END GROUP
LOAD c:/program files (x86)/atollic/truestudio for arm 6.0.0/armtools/bin/../lib/gcc/arm-atollic-eabi/5.3.1/armv7e-m/fpu/crtend.o
LOAD c:/program files (x86)/atollic/truestudio for arm 6.0.0/armtools/bin/../lib/gcc/arm-atollic-eabi/5.3.1/armv7e-m/fpu/crtn.o
                0x2000a000                _estack = 0x2000a000
                0x00000200                _Min_Heap_Size = 0x200
                0x00000400                _Min_Stack_Size = 0x400

.isr_vector     0x08000000      0x188
                0x08000000                . = ALIGN (0x4)
 *(.isr_vector)
 .isr_vector    0x08000000      0x188 Drivers\CMSIS\Device\ST\STM32F3xx\Source\Templates\gcc\startup_stm32f303xc.o
                0x08000000                g_pfnVectors
                0x08000188                . = ALIGN (0x4)

.text           0x08000188     0x1054
                0x08000188                . = ALIGN (0x4)
 *(.text)
 .text          0x08000188       0x40 c:/program files (x86)/atollic/truestudio for arm 6.0.0/armtools/bin/../lib/gcc/arm-atollic-eabi/5.3.1/armv7e-m/fpu/crtbegin.o
 *(.text*)
 .text.Reset_Handler
                0x080001c8       0x50 Drivers\CMSIS\Device\ST\STM32F3xx\Source\Templates\gcc\startup_stm32f303xc.o
                0x080001c8                Reset_Handler
 .text.Default_Handler
                0x08000218        0x2 Drivers\CMSIS\Device\ST\STM32F3xx\Source\Templates\gcc\startup_stm32f303xc.o
                0x08000218                RTC_Alarm_IRQHandler
                0x08000218                TIM8_TRG_COM_IRQHandler
                0x08000218                TIM8_CC_IRQHandler
                0x08000218                DebugMon_Handler
                0x08000218                TIM1_CC_IRQHandler
                0x08000218                HardFault_Handler
                0x08000218                USB_HP_IRQHandler
                0x08000218                PVD_IRQHandler
                0x08000218                TAMP_STAMP_IRQHandler
                0x08000218                PendSV_Handler
                0x08000218                NMI_Handler
                0x08000218                EXTI3_IRQHandler
                0x08000218                USB_HP_CAN_TX_IRQHandler
                0x08000218                EXTI0_IRQHandler
                0x08000218                I2C2_EV_IRQHandler
                0x08000218                FPU_IRQHandler
                0x08000218                TIM1_UP_TIM16_IRQHandler
                0x08000218                UsageFault_Handler
                0x08000218                ADC1_2_IRQHandler
                0x08000218                SPI1_IRQHandler
                0x08000218                CAN_SCE_IRQHandler
                0x08000218                TIM6_DAC_IRQHandler
                0x08000218                TIM8_UP_IRQHandler
                0x08000218                DMA2_Channel2_IRQHandler
                0x08000218                DMA1_Channel4_IRQHandler
                0x08000218                USART3_IRQHandler
                0x08000218                DMA1_Channel7_IRQHandler
                0x08000218                UART5_IRQHandler
                0x08000218                ADC3_IRQHandler
                0x08000218                TIM4_IRQHandler
                0x08000218                CAN_RX1_IRQHandler
                0x08000218                DMA2_Channel1_IRQHandler
                0x08000218                I2C1_EV_IRQHandler
                0x08000218                DMA1_Channel6_IRQHandler
                0x08000218                UART4_IRQHandler
                0x08000218                DMA2_Channel4_IRQHandler
                0x08000218                TIM3_IRQHandler
                0x08000218                RCC_IRQHandler
                0x08000218                DMA1_Channel1_IRQHandler
                0x08000218                Default_Handler
                0x08000218                USBWakeUp_RMP_IRQHandler
                0x08000218                EXTI15_10_IRQHandler
                0x08000218                TIM7_IRQHandler
                0x08000218                EXTI9_5_IRQHandler
                0x08000218                RTC_WKUP_IRQHandler
                0x08000218                SPI2_IRQHandler
                0x08000218                USB_LP_CAN_RX0_IRQHandler
                0x08000218                MemManage_Handler
                0x08000218                SVC_Handler
                0x08000218                DMA2_Channel5_IRQHandler
                0x08000218                DMA1_Channel5_IRQHandler
                0x08000218                USB_LP_IRQHandler
                0x08000218                EXTI4_IRQHandler
                0x08000218                TIM1_TRG_COM_TIM17_IRQHandler
                0x08000218                DMA1_Channel3_IRQHandler
                0x08000218                ADC4_IRQHandler
                0x08000218                WWDG_IRQHandler
                0x08000218                TIM2_IRQHandler
                0x08000218                COMP7_IRQHandler
                0x08000218                COMP1_2_3_IRQHandler
                0x08000218                EXTI1_IRQHandler
                0x08000218                USART2_IRQHandler
                0x08000218                COMP4_5_6_IRQHandler
                0x08000218                I2C2_ER_IRQHandler
                0x08000218                DMA1_Channel2_IRQHandler
                0x08000218                TIM8_BRK_IRQHandler
                0x08000218                FLASH_IRQHandler
                0x08000218                BusFault_Handler
                0x08000218                USART1_IRQHandler
                0x08000218                SPI3_IRQHandler
                0x08000218                I2C1_ER_IRQHandler
                0x08000218                USBWakeUp_IRQHandler
                0x08000218                DMA2_Channel3_IRQHandler
                0x08000218                EXTI2_TSC_IRQHandler
                0x08000218                TIM1_BRK_TIM15_IRQHandler
 *fill*         0x0800021a        0x2 
 .text.SystemInit
                0x0800021c       0x68 Drivers\CMSIS\Device\ST\STM32F3xx\Source\Templates\system_stm32f3xx.o
                0x0800021c                SystemInit
 .text.HAL_InitTick
                0x08000284       0x2c Drivers\STM32F3xx_HAL_Driver\Src\stm32f3xx_hal.o
                0x08000284                HAL_InitTick
 .text.HAL_Init
                0x080002b0       0x24 Drivers\STM32F3xx_HAL_Driver\Src\stm32f3xx_hal.o
                0x080002b0                HAL_Init
 .text.HAL_IncTick
                0x080002d4       0x10 Drivers\STM32F3xx_HAL_Driver\Src\stm32f3xx_hal.o
                0x080002d4                HAL_IncTick
 .text.HAL_GetTick
                0x080002e4        0xc Drivers\STM32F3xx_HAL_Driver\Src\stm32f3xx_hal.o
                0x080002e4                HAL_GetTick
 .text.HAL_Delay
                0x080002f0       0x1c Drivers\STM32F3xx_HAL_Driver\Src\stm32f3xx_hal.o
                0x080002f0                HAL_Delay
 .text.HAL_NVIC_SetPriorityGrouping
                0x0800030c       0x24 Drivers\STM32F3xx_HAL_Driver\Src\stm32f3xx_hal_cortex.o
                0x0800030c                HAL_NVIC_SetPriorityGrouping
 .text.HAL_NVIC_SetPriority
                0x08000330       0x64 Drivers\STM32F3xx_HAL_Driver\Src\stm32f3xx_hal_cortex.o
                0x08000330                HAL_NVIC_SetPriority
 .text.HAL_SYSTICK_Config
                0x08000394       0x2c Drivers\STM32F3xx_HAL_Driver\Src\stm32f3xx_hal_cortex.o
                0x08000394                HAL_SYSTICK_Config
 .text.HAL_SYSTICK_CLKSourceConfig
                0x080003c0       0x20 Drivers\STM32F3xx_HAL_Driver\Src\stm32f3xx_hal_cortex.o
                0x080003c0                HAL_SYSTICK_CLKSourceConfig
 .text.HAL_SYSTICK_Callback
                0x080003e0        0x4 Drivers\STM32F3xx_HAL_Driver\Src\stm32f3xx_hal_cortex.o
                0x080003e0                HAL_SYSTICK_Callback
 .text.HAL_SYSTICK_IRQHandler
                0x080003e4        0x8 Drivers\STM32F3xx_HAL_Driver\Src\stm32f3xx_hal_cortex.o
                0x080003e4                HAL_SYSTICK_IRQHandler
 .text.HAL_GPIO_Init
                0x080003ec      0x194 Drivers\STM32F3xx_HAL_Driver\Src\stm32f3xx_hal_gpio.o
                0x080003ec                HAL_GPIO_Init
 .text.HAL_GPIO_ReadPin
                0x08000580       0x10 Drivers\STM32F3xx_HAL_Driver\Src\stm32f3xx_hal_gpio.o
                0x08000580                HAL_GPIO_ReadPin
 .text.HAL_GPIO_WritePin
                0x08000590        0xc Drivers\STM32F3xx_HAL_Driver\Src\stm32f3xx_hal_gpio.o
                0x08000590                HAL_GPIO_WritePin
 .text.HAL_RCC_OscConfig
                0x0800059c      0x61c Drivers\STM32F3xx_HAL_Driver\Src\stm32f3xx_hal_rcc.o
                0x0800059c                HAL_RCC_OscConfig
 .text.HAL_RCC_GetSysClockFreq
                0x08000bb8       0x70 Drivers\STM32F3xx_HAL_Driver\Src\stm32f3xx_hal_rcc.o
                0x08000bb8                HAL_RCC_GetSysClockFreq
 .text.HAL_RCC_ClockConfig
                0x08000c28      0x1e4 Drivers\STM32F3xx_HAL_Driver\Src\stm32f3xx_hal_rcc.o
                0x08000c28                HAL_RCC_ClockConfig
 .text.HAL_RCC_GetHCLKFreq
                0x08000e0c        0xc Drivers\STM32F3xx_HAL_Driver\Src\stm32f3xx_hal_rcc.o
                0x08000e0c                HAL_RCC_GetHCLKFreq
 .text.MX_GPIO_Init
                0x08000e18      0x114 Src\main.o
 .text.turnOnLed
                0x08000f2c       0x40 Src\main.o
                0x08000f2c                turnOnLed
 .text.checkPushButtonDebounced
                0x08000f6c       0x44 Src\main.o
                0x08000f6c                checkPushButtonDebounced
 .text.Error_Handler
                0x08000fb0        0x4 Src\main.o
                0x08000fb0                Error_Handler
 .text.SystemClock_Config
                0x08000fb4       0x78 Src\main.o
                0x08000fb4                SystemClock_Config
 .text.main     0x0800102c       0xc4 Src\main.o
                0x0800102c                main
 .text.HAL_MspInit
                0x080010f0       0x7c Src\stm32f3xx_hal_msp.o
                0x080010f0                HAL_MspInit
 .text.SysTick_Handler
                0x0800116c        0xc Src\stm32f3xx_it.o
                0x0800116c                SysTick_Handler
 .text.__libc_init_array
                0x08001178       0x4c c:/program files (x86)/atollic/truestudio for arm 6.0.0/armtools/bin/../lib/gcc/arm-atollic-eabi/5.3.1/../../../../arm-atollic-eabi/lib/armv7e-m/fpu\libc.a(lib_a-init.o)
                0x08001178                __libc_init_array
 *(.glue_7)
 .glue_7        0x080011c4        0x0 linker stubs
 *(.glue_7t)
 .glue_7t       0x080011c4        0x0 linker stubs
 *(.eh_frame)
 .eh_frame      0x080011c4        0x0 c:/program files (x86)/atollic/truestudio for arm 6.0.0/armtools/bin/../lib/gcc/arm-atollic-eabi/5.3.1/armv7e-m/fpu/crtbegin.o
 *(.init)
 .init          0x080011c4        0x4 c:/program files (x86)/atollic/truestudio for arm 6.0.0/armtools/bin/../lib/gcc/arm-atollic-eabi/5.3.1/armv7e-m/fpu/crti.o
                0x080011c4                _init
 .init          0x080011c8        0x8 c:/program files (x86)/atollic/truestudio for arm 6.0.0/armtools/bin/../lib/gcc/arm-atollic-eabi/5.3.1/armv7e-m/fpu/crtn.o
 *(.fini)
 .fini          0x080011d0        0x4 c:/program files (x86)/atollic/truestudio for arm 6.0.0/armtools/bin/../lib/gcc/arm-atollic-eabi/5.3.1/armv7e-m/fpu/crti.o
                0x080011d0                _fini
 .fini          0x080011d4        0x8 c:/program files (x86)/atollic/truestudio for arm 6.0.0/armtools/bin/../lib/gcc/arm-atollic-eabi/5.3.1/armv7e-m/fpu/crtn.o
                0x080011dc                . = ALIGN (0x4)
                0x080011dc                _etext = .

.vfp11_veneer   0x080011dc        0x0
 .vfp11_veneer  0x080011dc        0x0 linker stubs

.v4_bx          0x080011dc        0x0
 .v4_bx         0x080011dc        0x0 linker stubs

.iplt           0x080011dc        0x0
 .iplt          0x080011dc        0x0 c:/program files (x86)/atollic/truestudio for arm 6.0.0/armtools/bin/../lib/gcc/arm-atollic-eabi/5.3.1/armv7e-m/fpu/crtbegin.o

.rodata         0x080011dc       0x40
                0x080011dc                . = ALIGN (0x4)
 *(.rodata)
 *(.rodata*)
 .rodata.AHBPrescTable
                0x080011dc       0x10 Drivers\CMSIS\Device\ST\STM32F3xx\Source\Templates\system_stm32f3xx.o
                0x080011dc                AHBPrescTable
 .rodata.aPredivFactorTable
                0x080011ec       0x10 Drivers\STM32F3xx_HAL_Driver\Src\stm32f3xx_hal_rcc.o
                0x080011ec                aPredivFactorTable
 .rodata.aPLLMULFactorTable
                0x080011fc       0x10 Drivers\STM32F3xx_HAL_Driver\Src\stm32f3xx_hal_rcc.o
                0x080011fc                aPLLMULFactorTable
 .rodata.ledPattern
                0x0800120c       0x10 Src\main.o
                0x0800121c                . = ALIGN (0x4)

.rel.dyn        0x0800121c        0x0
 .rel.iplt      0x0800121c        0x0 c:/program files (x86)/atollic/truestudio for arm 6.0.0/armtools/bin/../lib/gcc/arm-atollic-eabi/5.3.1/armv7e-m/fpu/crtbegin.o

.ARM.extab
 *(.ARM.extab* .gnu.linkonce.armextab.*)

.ARM            0x0800121c        0x0
                0x0800121c                __exidx_start = .
 *(.ARM.exidx*)
                0x0800121c                __exidx_end = .

.preinit_array  0x0800121c        0x0
                0x0800121c                PROVIDE (__preinit_array_start, .)
 *(.preinit_array*)
                0x0800121c                PROVIDE (__preinit_array_end, .)

.init_array     0x0800121c        0x4
                0x0800121c                PROVIDE (__init_array_start, .)
 *(SORT(.init_array.*))
 *(.init_array*)
 .init_array    0x0800121c        0x4 c:/program files (x86)/atollic/truestudio for arm 6.0.0/armtools/bin/../lib/gcc/arm-atollic-eabi/5.3.1/armv7e-m/fpu/crtbegin.o
                0x08001220                PROVIDE (__init_array_end, .)

.fini_array     0x08001220        0x4
                [!provide]                PROVIDE (__fini_array_start, .)
 *(SORT(.fini_array.*))
 *(.fini_array*)
 .fini_array    0x08001220        0x4 c:/program files (x86)/atollic/truestudio for arm 6.0.0/armtools/bin/../lib/gcc/arm-atollic-eabi/5.3.1/armv7e-m/fpu/crtbegin.o
                [!provide]                PROVIDE (__fini_array_end, .)
                0x08001224                _sidata = LOADADDR (.data)

.data           0x20000000        0xc load address 0x08001224
                0x20000000                . = ALIGN (0x4)
                0x20000000                _sdata = .
 *(.data)
 *(.data*)
 .data.SystemCoreClock
                0x20000000        0x4 Drivers\CMSIS\Device\ST\STM32F3xx\Source\Templates\system_stm32f3xx.o
                0x20000000                SystemCoreClock
 .data.delayTime.7041
                0x20000004        0x4 Src\main.o
 .data.lastLed.7032
                0x20000008        0x2 Src\main.o
                0x2000000c                . = ALIGN (0x4)
 *fill*         0x2000000a        0x2 
                0x2000000c                _edata = .
                0x08001230                _siccmram = LOADADDR (.ccmram)

.igot.plt       0x2000000c        0x0 load address 0x08001230
 .igot.plt      0x2000000c        0x0 c:/program files (x86)/atollic/truestudio for arm 6.0.0/armtools/bin/../lib/gcc/arm-atollic-eabi/5.3.1/armv7e-m/fpu/crtbegin.o

.ccmram         0x10000000        0x0 load address 0x08001230
                0x10000000                . = ALIGN (0x4)
                0x10000000                _sccmram = .
 *(.ccmram)
 *(.ccmram*)
                0x10000000                . = ALIGN (0x4)
                0x10000000                _eccmram = .
                0x10000000                . = ALIGN (0x4)

.bss            0x2000000c       0x28
                0x2000000c                _sbss = .
                0x2000000c                __bss_start__ = _sbss
 *(.bss)
 .bss           0x2000000c       0x1c c:/program files (x86)/atollic/truestudio for arm 6.0.0/armtools/bin/../lib/gcc/arm-atollic-eabi/5.3.1/armv7e-m/fpu/crtbegin.o
 *(.bss*)
 .bss.ledIndex.7040
                0x20000028        0x4 Src\main.o
 .bss.stateMachine.7042
                0x2000002c        0x4 Src\main.o
 *(COMMON)
 COMMON         0x20000030        0x4 Drivers\STM32F3xx_HAL_Driver\Src\stm32f3xx_hal.o
                0x20000030                uwTick
                0x20000034                . = ALIGN (0x4)
                0x20000034                _ebss = .
                0x20000034                __bss_end__ = _ebss

._user_heap_stack
                0x20000034      0x600
                0x20000034                . = ALIGN (0x4)
                [!provide]                PROVIDE (end, .)
                [!provide]                PROVIDE (_end, .)
                0x20000234                . = (. + _Min_Heap_Size)
 *fill*         0x20000034      0x200 
                0x20000634                . = (. + _Min_Stack_Size)
 *fill*         0x20000234      0x400 
                0x20000634                . = ALIGN (0x4)

/DISCARD/
 libc.a(*)
 libm.a(*)
 libgcc.a(*)

.ARM.attributes
                0x00000000       0x30
 *(.ARM.attributes)
 .ARM.attributes
                0x00000000       0x22 c:/program files (x86)/atollic/truestudio for arm 6.0.0/armtools/bin/../lib/gcc/arm-atollic-eabi/5.3.1/armv7e-m/fpu/crti.o
 .ARM.attributes
                0x00000022       0x34 c:/program files (x86)/atollic/truestudio for arm 6.0.0/armtools/bin/../lib/gcc/arm-atollic-eabi/5.3.1/armv7e-m/fpu/crtbegin.o
 .ARM.attributes
                0x00000056       0x21 Drivers\CMSIS\Device\ST\STM32F3xx\Source\Templates\gcc\startup_stm32f303xc.o
 .ARM.attributes
                0x00000077       0x39 Drivers\CMSIS\Device\ST\STM32F3xx\Source\Templates\system_stm32f3xx.o
 .ARM.attributes
                0x000000b0       0x39 Drivers\STM32F3xx_HAL_Driver\Src\stm32f3xx_hal.o
 .ARM.attributes
                0x000000e9       0x39 Drivers\STM32F3xx_HAL_Driver\Src\stm32f3xx_hal_cortex.o
 .ARM.attributes
                0x00000122       0x39 Drivers\STM32F3xx_HAL_Driver\Src\stm32f3xx_hal_gpio.o
 .ARM.attributes
                0x0000015b       0x39 Drivers\STM32F3xx_HAL_Driver\Src\stm32f3xx_hal_rcc.o
 .ARM.attributes
                0x00000194       0x39 Src\main.o
 .ARM.attributes
                0x000001cd       0x39 Src\stm32f3xx_hal_msp.o
 .ARM.attributes
                0x00000206       0x39 Src\stm32f3xx_it.o
 .ARM.attributes
                0x0000023f       0x34 c:/program files (x86)/atollic/truestudio for arm 6.0.0/armtools/bin/../lib/gcc/arm-atollic-eabi/5.3.1/../../../../arm-atollic-eabi/lib/armv7e-m/fpu\libc.a(lib_a-init.o)
 .ARM.attributes
                0x00000273       0x22 c:/program files (x86)/atollic/truestudio for arm 6.0.0/armtools/bin/../lib/gcc/arm-atollic-eabi/5.3.1/armv7e-m/fpu/crtn.o
OUTPUT(prog8125-statemachine.elf elf32-littlearm)

.debug_line     0x00000000     0x1a64
 .debug_line    0x00000000       0xae Drivers\CMSIS\Device\ST\STM32F3xx\Source\Templates\gcc\startup_stm32f303xc.o
 .debug_line    0x000000ae      0x1eb Drivers\CMSIS\Device\ST\STM32F3xx\Source\Templates\system_stm32f3xx.o
 .debug_line    0x00000299      0x35d Drivers\STM32F3xx_HAL_Driver\Src\stm32f3xx_hal.o
 .debug_line    0x000005f6      0x3c3 Drivers\STM32F3xx_HAL_Driver\Src\stm32f3xx_hal_cortex.o
 .debug_line    0x000009b9      0x347 Drivers\STM32F3xx_HAL_Driver\Src\stm32f3xx_hal_gpio.o
 .debug_line    0x00000d00      0x709 Drivers\STM32F3xx_HAL_Driver\Src\stm32f3xx_hal_rcc.o
 .debug_line    0x00001409      0x2e3 Src\main.o
 .debug_line    0x000016ec      0x1d8 Src\stm32f3xx_hal_msp.o
 .debug_line    0x000018c4      0x1a0 Src\stm32f3xx_it.o

.debug_info     0x00000000     0x4419
 .debug_info    0x00000000       0xc4 Drivers\CMSIS\Device\ST\STM32F3xx\Source\Templates\gcc\startup_stm32f303xc.o
 .debug_info    0x000000c4      0x400 Drivers\CMSIS\Device\ST\STM32F3xx\Source\Templates\system_stm32f3xx.o
 .debug_info    0x000004c4      0x6fc Drivers\STM32F3xx_HAL_Driver\Src\stm32f3xx_hal.o
 .debug_info    0x00000bc0      0xe3a Drivers\STM32F3xx_HAL_Driver\Src\stm32f3xx_hal_cortex.o
 .debug_info    0x000019fa      0x66a Drivers\STM32F3xx_HAL_Driver\Src\stm32f3xx_hal_gpio.o
 .debug_info    0x00002064     0x139e Drivers\STM32F3xx_HAL_Driver\Src\stm32f3xx_hal_rcc.o
 .debug_info    0x00003402      0xab4 Src\main.o
 .debug_info    0x00003eb6      0x47b Src\stm32f3xx_hal_msp.o
 .debug_info    0x00004331       0xe8 Src\stm32f3xx_it.o

.debug_abbrev   0x00000000      0xd9a
 .debug_abbrev  0x00000000       0x12 Drivers\CMSIS\Device\ST\STM32F3xx\Source\Templates\gcc\startup_stm32f303xc.o
 .debug_abbrev  0x00000012      0x101 Drivers\CMSIS\Device\ST\STM32F3xx\Source\Templates\system_stm32f3xx.o
 .debug_abbrev  0x00000113      0x1be Drivers\STM32F3xx_HAL_Driver\Src\stm32f3xx_hal.o
 .debug_abbrev  0x000002d1      0x2df Drivers\STM32F3xx_HAL_Driver\Src\stm32f3xx_hal_cortex.o
 .debug_abbrev  0x000005b0      0x1ca Drivers\STM32F3xx_HAL_Driver\Src\stm32f3xx_hal_gpio.o
 .debug_abbrev  0x0000077a      0x280 Drivers\STM32F3xx_HAL_Driver\Src\stm32f3xx_hal_rcc.o
 .debug_abbrev  0x000009fa      0x20a Src\main.o
 .debug_abbrev  0x00000c04      0x111 Src\stm32f3xx_hal_msp.o
 .debug_abbrev  0x00000d15       0x85 Src\stm32f3xx_it.o

.debug_aranges  0x00000000      0x300
 .debug_aranges
                0x00000000       0x28 Drivers\CMSIS\Device\ST\STM32F3xx\Source\Templates\gcc\startup_stm32f303xc.o
 .debug_aranges
                0x00000028       0x28 Drivers\CMSIS\Device\ST\STM32F3xx\Source\Templates\system_stm32f3xx.o
 .debug_aranges
                0x00000050       0xb0 Drivers\STM32F3xx_HAL_Driver\Src\stm32f3xx_hal.o
 .debug_aranges
                0x00000100       0x98 Drivers\STM32F3xx_HAL_Driver\Src\stm32f3xx_hal_cortex.o
 .debug_aranges
                0x00000198       0x58 Drivers\STM32F3xx_HAL_Driver\Src\stm32f3xx_hal_gpio.o
 .debug_aranges
                0x000001f0       0x88 Drivers\STM32F3xx_HAL_Driver\Src\stm32f3xx_hal_rcc.o
 .debug_aranges
                0x00000278       0x48 Src\main.o
 .debug_aranges
                0x000002c0       0x20 Src\stm32f3xx_hal_msp.o
 .debug_aranges
                0x000002e0       0x20 Src\stm32f3xx_it.o

.debug_ranges   0x00000000      0x290
 .debug_ranges  0x00000000       0x20 Drivers\CMSIS\Device\ST\STM32F3xx\Source\Templates\gcc\startup_stm32f303xc.o
 .debug_ranges  0x00000020       0x18 Drivers\CMSIS\Device\ST\STM32F3xx\Source\Templates\system_stm32f3xx.o
 .debug_ranges  0x00000038       0xa0 Drivers\STM32F3xx_HAL_Driver\Src\stm32f3xx_hal.o
 .debug_ranges  0x000000d8       0x88 Drivers\STM32F3xx_HAL_Driver\Src\stm32f3xx_hal_cortex.o
 .debug_ranges  0x00000160       0x48 Drivers\STM32F3xx_HAL_Driver\Src\stm32f3xx_hal_gpio.o
 .debug_ranges  0x000001a8       0x90 Drivers\STM32F3xx_HAL_Driver\Src\stm32f3xx_hal_rcc.o
 .debug_ranges  0x00000238       0x38 Src\main.o
 .debug_ranges  0x00000270       0x10 Src\stm32f3xx_hal_msp.o
 .debug_ranges  0x00000280       0x10 Src\stm32f3xx_it.o

.debug_loc      0x00000000     0x13b0
 .debug_loc     0x00000000       0xff Drivers\CMSIS\Device\ST\STM32F3xx\Source\Templates\system_stm32f3xx.o
 .debug_loc     0x000000ff       0x4b Drivers\STM32F3xx_HAL_Driver\Src\stm32f3xx_hal.o
 .debug_loc     0x0000014a      0x527 Drivers\STM32F3xx_HAL_Driver\Src\stm32f3xx_hal_cortex.o
 .debug_loc     0x00000671      0x2ff Drivers\STM32F3xx_HAL_Driver\Src\stm32f3xx_hal_gpio.o
 .debug_loc     0x00000970      0x9aa Drivers\STM32F3xx_HAL_Driver\Src\stm32f3xx_hal_rcc.o
 .debug_loc     0x0000131a       0x96 Src\main.o

.debug_str      0x00000000     0x1362
 .debug_str     0x00000000      0x301 Drivers\CMSIS\Device\ST\STM32F3xx\Source\Templates\system_stm32f3xx.o
                                0x353 (size before relaxing)
 .debug_str     0x00000301      0x6c7 Drivers\STM32F3xx_HAL_Driver\Src\stm32f3xx_hal.o
                                0x910 (size before relaxing)
 .debug_str     0x000009c8      0x378 Drivers\STM32F3xx_HAL_Driver\Src\stm32f3xx_hal_cortex.o
                                0xb66 (size before relaxing)
 .debug_str     0x00000d40      0x1f3 Drivers\STM32F3xx_HAL_Driver\Src\stm32f3xx_hal_gpio.o
                                0x48a (size before relaxing)
 .debug_str     0x00000f33      0x31c Drivers\STM32F3xx_HAL_Driver\Src\stm32f3xx_hal_rcc.o
                                0x6a7 (size before relaxing)
 .debug_str     0x0000124f       0xd2 Src\main.o
                                0x9d0 (size before relaxing)
 .debug_str     0x00001321       0x1b Src\stm32f3xx_hal_msp.o
                                0x6c0 (size before relaxing)
 .debug_str     0x0000133c       0x26 Src\stm32f3xx_it.o
                                0x210 (size before relaxing)

.comment        0x00000000       0x7e
 .comment       0x00000000       0x7e Drivers\CMSIS\Device\ST\STM32F3xx\Source\Templates\system_stm32f3xx.o
                                 0x7f (size before relaxing)
 .comment       0x0000007e       0x7f Drivers\STM32F3xx_HAL_Driver\Src\stm32f3xx_hal.o
 .comment       0x0000007e       0x7f Drivers\STM32F3xx_HAL_Driver\Src\stm32f3xx_hal_cortex.o
 .comment       0x0000007e       0x7f Drivers\STM32F3xx_HAL_Driver\Src\stm32f3xx_hal_gpio.o
 .comment       0x0000007e       0x7f Drivers\STM32F3xx_HAL_Driver\Src\stm32f3xx_hal_rcc.o
 .comment       0x0000007e       0x7f Src\main.o
 .comment       0x0000007e       0x7f Src\stm32f3xx_hal_msp.o
 .comment       0x0000007e       0x7f Src\stm32f3xx_it.o

.debug_frame    0x00000000      0x5f8
 .debug_frame   0x00000000       0x30 Drivers\CMSIS\Device\ST\STM32F3xx\Source\Templates\system_stm32f3xx.o
 .debug_frame   0x00000030      0x168 Drivers\STM32F3xx_HAL_Driver\Src\stm32f3xx_hal.o
 .debug_frame   0x00000198      0x134 Drivers\STM32F3xx_HAL_Driver\Src\stm32f3xx_hal_cortex.o
 .debug_frame   0x000002cc       0xc4 Drivers\STM32F3xx_HAL_Driver\Src\stm32f3xx_hal_gpio.o
 .debug_frame   0x00000390      0x138 Drivers\STM32F3xx_HAL_Driver\Src\stm32f3xx_hal_rcc.o
 .debug_frame   0x000004c8       0xb0 Src\main.o
 .debug_frame   0x00000578       0x2c Src\stm32f3xx_hal_msp.o
 .debug_frame   0x000005a4       0x28 Src\stm32f3xx_it.o
 .debug_frame   0x000005cc       0x2c c:/program files (x86)/atollic/truestudio for arm 6.0.0/armtools/bin/../lib/gcc/arm-atollic-eabi/5.3.1/../../../../arm-atollic-eabi/lib/armv7e-m/fpu\libc.a(lib_a-init.o)

Cross Reference Table

Symbol                                            File
ADC1_2_IRQHandler                                 Drivers\CMSIS\Device\ST\STM32F3xx\Source\Templates\gcc\startup_stm32f303xc.o
ADC3_IRQHandler                                   Drivers\CMSIS\Device\ST\STM32F3xx\Source\Templates\gcc\startup_stm32f303xc.o
ADC4_IRQHandler                                   Drivers\CMSIS\Device\ST\STM32F3xx\Source\Templates\gcc\startup_stm32f303xc.o
AHBPrescTable                                     Drivers\CMSIS\Device\ST\STM32F3xx\Source\Templates\system_stm32f3xx.o
                                                  Drivers\STM32F3xx_HAL_Driver\Src\stm32f3xx_hal_rcc.o
APBPrescTable                                     Drivers\CMSIS\Device\ST\STM32F3xx\Source\Templates\system_stm32f3xx.o
                                                  Drivers\STM32F3xx_HAL_Driver\Src\stm32f3xx_hal_rcc.o
BusFault_Handler                                  Drivers\CMSIS\Device\ST\STM32F3xx\Source\Templates\gcc\startup_stm32f303xc.o
CAN_RX1_IRQHandler                                Drivers\CMSIS\Device\ST\STM32F3xx\Source\Templates\gcc\startup_stm32f303xc.o
CAN_SCE_IRQHandler                                Drivers\CMSIS\Device\ST\STM32F3xx\Source\Templates\gcc\startup_stm32f303xc.o
COMP1_2_3_IRQHandler                              Drivers\CMSIS\Device\ST\STM32F3xx\Source\Templates\gcc\startup_stm32f303xc.o
COMP4_5_6_IRQHandler                              Drivers\CMSIS\Device\ST\STM32F3xx\Source\Templates\gcc\startup_stm32f303xc.o
COMP7_IRQHandler                                  Drivers\CMSIS\Device\ST\STM32F3xx\Source\Templates\gcc\startup_stm32f303xc.o
DMA1_Channel1_IRQHandler                          Drivers\CMSIS\Device\ST\STM32F3xx\Source\Templates\gcc\startup_stm32f303xc.o
DMA1_Channel2_IRQHandler                          Drivers\CMSIS\Device\ST\STM32F3xx\Source\Templates\gcc\startup_stm32f303xc.o
DMA1_Channel3_IRQHandler                          Drivers\CMSIS\Device\ST\STM32F3xx\Source\Templates\gcc\startup_stm32f303xc.o
DMA1_Channel4_IRQHandler                          Drivers\CMSIS\Device\ST\STM32F3xx\Source\Templates\gcc\startup_stm32f303xc.o
DMA1_Channel5_IRQHandler                          Drivers\CMSIS\Device\ST\STM32F3xx\Source\Templates\gcc\startup_stm32f303xc.o
DMA1_Channel6_IRQHandler                          Drivers\CMSIS\Device\ST\STM32F3xx\Source\Templates\gcc\startup_stm32f303xc.o
DMA1_Channel7_IRQHandler                          Drivers\CMSIS\Device\ST\STM32F3xx\Source\Templates\gcc\startup_stm32f303xc.o
DMA2_Channel1_IRQHandler                          Drivers\CMSIS\Device\ST\STM32F3xx\Source\Templates\gcc\startup_stm32f303xc.o
DMA2_Channel2_IRQHandler                          Drivers\CMSIS\Device\ST\STM32F3xx\Source\Templates\gcc\startup_stm32f303xc.o
DMA2_Channel3_IRQHandler                          Drivers\CMSIS\Device\ST\STM32F3xx\Source\Templates\gcc\startup_stm32f303xc.o
DMA2_Channel4_IRQHandler                          Drivers\CMSIS\Device\ST\STM32F3xx\Source\Templates\gcc\startup_stm32f303xc.o
DMA2_Channel5_IRQHandler                          Drivers\CMSIS\Device\ST\STM32F3xx\Source\Templates\gcc\startup_stm32f303xc.o
DebugMon_Handler                                  Drivers\CMSIS\Device\ST\STM32F3xx\Source\Templates\gcc\startup_stm32f303xc.o
Default_Handler                                   Drivers\CMSIS\Device\ST\STM32F3xx\Source\Templates\gcc\startup_stm32f303xc.o
EXTI0_IRQHandler                                  Drivers\CMSIS\Device\ST\STM32F3xx\Source\Templates\gcc\startup_stm32f303xc.o
EXTI15_10_IRQHandler                              Drivers\CMSIS\Device\ST\STM32F3xx\Source\Templates\gcc\startup_stm32f303xc.o
EXTI1_IRQHandler                                  Drivers\CMSIS\Device\ST\STM32F3xx\Source\Templates\gcc\startup_stm32f303xc.o
EXTI2_TSC_IRQHandler                              Drivers\CMSIS\Device\ST\STM32F3xx\Source\Templates\gcc\startup_stm32f303xc.o
EXTI3_IRQHandler                                  Drivers\CMSIS\Device\ST\STM32F3xx\Source\Templates\gcc\startup_stm32f303xc.o
EXTI4_IRQHandler                                  Drivers\CMSIS\Device\ST\STM32F3xx\Source\Templates\gcc\startup_stm32f303xc.o
EXTI9_5_IRQHandler                                Drivers\CMSIS\Device\ST\STM32F3xx\Source\Templates\gcc\startup_stm32f303xc.o
Error_Handler                                     Src\main.o
FLASH_IRQHandler                                  Drivers\CMSIS\Device\ST\STM32F3xx\Source\Templates\gcc\startup_stm32f303xc.o
FLASH_PageErase                                   Drivers\STM32F3xx_HAL_Driver\Src\stm32f3xx_hal_flash_ex.o
                                                  Drivers\STM32F3xx_HAL_Driver\Src\stm32f3xx_hal_flash.o
FLASH_WaitForLastOperation                        Drivers\STM32F3xx_HAL_Driver\Src\stm32f3xx_hal_flash.o
                                                  Drivers\STM32F3xx_HAL_Driver\Src\stm32f3xx_hal_flash_ex.o
FPU_IRQHandler                                    Drivers\CMSIS\Device\ST\STM32F3xx\Source\Templates\gcc\startup_stm32f303xc.o
HAL_DBGMCU_DisableDBGSleepMode                    Drivers\STM32F3xx_HAL_Driver\Src\stm32f3xx_hal.o
HAL_DBGMCU_DisableDBGStandbyMode                  Drivers\STM32F3xx_HAL_Driver\Src\stm32f3xx_hal.o
HAL_DBGMCU_DisableDBGStopMode                     Drivers\STM32F3xx_HAL_Driver\Src\stm32f3xx_hal.o
HAL_DBGMCU_EnableDBGSleepMode                     Drivers\STM32F3xx_HAL_Driver\Src\stm32f3xx_hal.o
HAL_DBGMCU_EnableDBGStandbyMode                   Drivers\STM32F3xx_HAL_Driver\Src\stm32f3xx_hal.o
HAL_DBGMCU_EnableDBGStopMode                      Drivers\STM32F3xx_HAL_Driver\Src\stm32f3xx_hal.o
HAL_DMA_Abort                                     Drivers\STM32F3xx_HAL_Driver\Src\stm32f3xx_hal_dma.o
HAL_DMA_Abort_IT                                  Drivers\STM32F3xx_HAL_Driver\Src\stm32f3xx_hal_dma.o
                                                  Drivers\STM32F3xx_HAL_Driver\Src\stm32f3xx_hal_i2c.o
HAL_DMA_DeInit                                    Drivers\STM32F3xx_HAL_Driver\Src\stm32f3xx_hal_dma.o
HAL_DMA_GetError                                  Drivers\STM32F3xx_HAL_Driver\Src\stm32f3xx_hal_dma.o
HAL_DMA_GetState                                  Drivers\STM32F3xx_HAL_Driver\Src\stm32f3xx_hal_dma.o
HAL_DMA_IRQHandler                                Drivers\STM32F3xx_HAL_Driver\Src\stm32f3xx_hal_dma.o
HAL_DMA_Init                                      Drivers\STM32F3xx_HAL_Driver\Src\stm32f3xx_hal_dma.o
HAL_DMA_PollForTransfer                           Drivers\STM32F3xx_HAL_Driver\Src\stm32f3xx_hal_dma.o
HAL_DMA_Start                                     Drivers\STM32F3xx_HAL_Driver\Src\stm32f3xx_hal_dma.o
HAL_DMA_Start_IT                                  Drivers\STM32F3xx_HAL_Driver\Src\stm32f3xx_hal_dma.o
                                                  Drivers\STM32F3xx_HAL_Driver\Src\stm32f3xx_hal_i2c.o
HAL_DeInit                                        Drivers\STM32F3xx_HAL_Driver\Src\stm32f3xx_hal.o
HAL_Delay                                         Drivers\STM32F3xx_HAL_Driver\Src\stm32f3xx_hal.o
                                                  Src\main.o
HAL_FLASHEx_Erase                                 Drivers\STM32F3xx_HAL_Driver\Src\stm32f3xx_hal_flash_ex.o
HAL_FLASHEx_Erase_IT                              Drivers\STM32F3xx_HAL_Driver\Src\stm32f3xx_hal_flash_ex.o
HAL_FLASHEx_OBErase                               Drivers\STM32F3xx_HAL_Driver\Src\stm32f3xx_hal_flash_ex.o
HAL_FLASHEx_OBGetConfig                           Drivers\STM32F3xx_HAL_Driver\Src\stm32f3xx_hal_flash_ex.o
HAL_FLASHEx_OBGetUserData                         Drivers\STM32F3xx_HAL_Driver\Src\stm32f3xx_hal_flash_ex.o
HAL_FLASHEx_OBProgram                             Drivers\STM32F3xx_HAL_Driver\Src\stm32f3xx_hal_flash_ex.o
HAL_FLASH_EndOfOperationCallback                  Drivers\STM32F3xx_HAL_Driver\Src\stm32f3xx_hal_flash.o
HAL_FLASH_GetError                                Drivers\STM32F3xx_HAL_Driver\Src\stm32f3xx_hal_flash.o
HAL_FLASH_IRQHandler                              Drivers\STM32F3xx_HAL_Driver\Src\stm32f3xx_hal_flash.o
HAL_FLASH_Lock                                    Drivers\STM32F3xx_HAL_Driver\Src\stm32f3xx_hal_flash.o
HAL_FLASH_OB_Launch                               Drivers\STM32F3xx_HAL_Driver\Src\stm32f3xx_hal_flash.o
HAL_FLASH_OB_Lock                                 Drivers\STM32F3xx_HAL_Driver\Src\stm32f3xx_hal_flash.o
HAL_FLASH_OB_Unlock                               Drivers\STM32F3xx_HAL_Driver\Src\stm32f3xx_hal_flash.o
HAL_FLASH_OperationErrorCallback                  Drivers\STM32F3xx_HAL_Driver\Src\stm32f3xx_hal_flash.o
HAL_FLASH_Program                                 Drivers\STM32F3xx_HAL_Driver\Src\stm32f3xx_hal_flash.o
HAL_FLASH_Program_IT                              Drivers\STM32F3xx_HAL_Driver\Src\stm32f3xx_hal_flash.o
HAL_FLASH_Unlock                                  Drivers\STM32F3xx_HAL_Driver\Src\stm32f3xx_hal_flash.o
HAL_GPIO_DeInit                                   Drivers\STM32F3xx_HAL_Driver\Src\stm32f3xx_hal_gpio.o
HAL_GPIO_EXTI_Callback                            Drivers\STM32F3xx_HAL_Driver\Src\stm32f3xx_hal_gpio.o
HAL_GPIO_EXTI_IRQHandler                          Drivers\STM32F3xx_HAL_Driver\Src\stm32f3xx_hal_gpio.o
HAL_GPIO_Init                                     Drivers\STM32F3xx_HAL_Driver\Src\stm32f3xx_hal_gpio.o
                                                  Src\main.o
                                                  Drivers\STM32F3xx_HAL_Driver\Src\stm32f3xx_hal_rcc.o
HAL_GPIO_LockPin                                  Drivers\STM32F3xx_HAL_Driver\Src\stm32f3xx_hal_gpio.o
HAL_GPIO_ReadPin                                  Drivers\STM32F3xx_HAL_Driver\Src\stm32f3xx_hal_gpio.o
                                                  Src\main.o
HAL_GPIO_TogglePin                                Drivers\STM32F3xx_HAL_Driver\Src\stm32f3xx_hal_gpio.o
HAL_GPIO_WritePin                                 Drivers\STM32F3xx_HAL_Driver\Src\stm32f3xx_hal_gpio.o
                                                  Src\main.o
HAL_GetDEVID                                      Drivers\STM32F3xx_HAL_Driver\Src\stm32f3xx_hal.o
HAL_GetHalVersion                                 Drivers\STM32F3xx_HAL_Driver\Src\stm32f3xx_hal.o
HAL_GetREVID                                      Drivers\STM32F3xx_HAL_Driver\Src\stm32f3xx_hal.o
HAL_GetTick                                       Drivers\STM32F3xx_HAL_Driver\Src\stm32f3xx_hal.o
                                                  Drivers\STM32F3xx_HAL_Driver\Src\stm32f3xx_hal_rcc_ex.o
                                                  Drivers\STM32F3xx_HAL_Driver\Src\stm32f3xx_hal_rcc.o
                                                  Drivers\STM32F3xx_HAL_Driver\Src\stm32f3xx_hal_i2c.o
                                                  Drivers\STM32F3xx_HAL_Driver\Src\stm32f3xx_hal_flash.o
                                                  Drivers\STM32F3xx_HAL_Driver\Src\stm32f3xx_hal_dma.o
HAL_I2CEx_ConfigAnalogFilter                      Drivers\STM32F3xx_HAL_Driver\Src\stm32f3xx_hal_i2c_ex.o
HAL_I2CEx_ConfigDigitalFilter                     Drivers\STM32F3xx_HAL_Driver\Src\stm32f3xx_hal_i2c_ex.o
HAL_I2CEx_DisableFastModePlus                     Drivers\STM32F3xx_HAL_Driver\Src\stm32f3xx_hal_i2c_ex.o
HAL_I2CEx_DisableWakeUp                           Drivers\STM32F3xx_HAL_Driver\Src\stm32f3xx_hal_i2c_ex.o
HAL_I2CEx_EnableFastModePlus                      Drivers\STM32F3xx_HAL_Driver\Src\stm32f3xx_hal_i2c_ex.o
HAL_I2CEx_EnableWakeUp                            Drivers\STM32F3xx_HAL_Driver\Src\stm32f3xx_hal_i2c_ex.o
HAL_I2C_AbortCpltCallback                         Drivers\STM32F3xx_HAL_Driver\Src\stm32f3xx_hal_i2c.o
HAL_I2C_AddrCallback                              Drivers\STM32F3xx_HAL_Driver\Src\stm32f3xx_hal_i2c.o
HAL_I2C_DeInit                                    Drivers\STM32F3xx_HAL_Driver\Src\stm32f3xx_hal_i2c.o
HAL_I2C_DisableListen_IT                          Drivers\STM32F3xx_HAL_Driver\Src\stm32f3xx_hal_i2c.o
HAL_I2C_ER_IRQHandler                             Drivers\STM32F3xx_HAL_Driver\Src\stm32f3xx_hal_i2c.o
HAL_I2C_EV_IRQHandler                             Drivers\STM32F3xx_HAL_Driver\Src\stm32f3xx_hal_i2c.o
HAL_I2C_EnableListen_IT                           Drivers\STM32F3xx_HAL_Driver\Src\stm32f3xx_hal_i2c.o
HAL_I2C_ErrorCallback                             Drivers\STM32F3xx_HAL_Driver\Src\stm32f3xx_hal_i2c.o
HAL_I2C_GetError                                  Drivers\STM32F3xx_HAL_Driver\Src\stm32f3xx_hal_i2c.o
HAL_I2C_GetMode                                   Drivers\STM32F3xx_HAL_Driver\Src\stm32f3xx_hal_i2c.o
HAL_I2C_GetState                                  Drivers\STM32F3xx_HAL_Driver\Src\stm32f3xx_hal_i2c.o
HAL_I2C_Init                                      Drivers\STM32F3xx_HAL_Driver\Src\stm32f3xx_hal_i2c.o
HAL_I2C_IsDeviceReady                             Drivers\STM32F3xx_HAL_Driver\Src\stm32f3xx_hal_i2c.o
HAL_I2C_ListenCpltCallback                        Drivers\STM32F3xx_HAL_Driver\Src\stm32f3xx_hal_i2c.o
HAL_I2C_MasterRxCpltCallback                      Drivers\STM32F3xx_HAL_Driver\Src\stm32f3xx_hal_i2c.o
HAL_I2C_MasterTxCpltCallback                      Drivers\STM32F3xx_HAL_Driver\Src\stm32f3xx_hal_i2c.o
HAL_I2C_Master_Abort_IT                           Drivers\STM32F3xx_HAL_Driver\Src\stm32f3xx_hal_i2c.o
HAL_I2C_Master_Receive                            Drivers\STM32F3xx_HAL_Driver\Src\stm32f3xx_hal_i2c.o
HAL_I2C_Master_Receive_DMA                        Drivers\STM32F3xx_HAL_Driver\Src\stm32f3xx_hal_i2c.o
HAL_I2C_Master_Receive_IT                         Drivers\STM32F3xx_HAL_Driver\Src\stm32f3xx_hal_i2c.o
HAL_I2C_Master_Sequential_Receive_IT              Drivers\STM32F3xx_HAL_Driver\Src\stm32f3xx_hal_i2c.o
HAL_I2C_Master_Sequential_Transmit_IT             Drivers\STM32F3xx_HAL_Driver\Src\stm32f3xx_hal_i2c.o
HAL_I2C_Master_Transmit                           Drivers\STM32F3xx_HAL_Driver\Src\stm32f3xx_hal_i2c.o
HAL_I2C_Master_Transmit_DMA                       Drivers\STM32F3xx_HAL_Driver\Src\stm32f3xx_hal_i2c.o
HAL_I2C_Master_Transmit_IT                        Drivers\STM32F3xx_HAL_Driver\Src\stm32f3xx_hal_i2c.o
HAL_I2C_MemRxCpltCallback                         Drivers\STM32F3xx_HAL_Driver\Src\stm32f3xx_hal_i2c.o
HAL_I2C_MemTxCpltCallback                         Drivers\STM32F3xx_HAL_Driver\Src\stm32f3xx_hal_i2c.o
HAL_I2C_Mem_Read                                  Drivers\STM32F3xx_HAL_Driver\Src\stm32f3xx_hal_i2c.o
HAL_I2C_Mem_Read_DMA                              Drivers\STM32F3xx_HAL_Driver\Src\stm32f3xx_hal_i2c.o
HAL_I2C_Mem_Read_IT                               Drivers\STM32F3xx_HAL_Driver\Src\stm32f3xx_hal_i2c.o
HAL_I2C_Mem_Write                                 Drivers\STM32F3xx_HAL_Driver\Src\stm32f3xx_hal_i2c.o
HAL_I2C_Mem_Write_DMA                             Drivers\STM32F3xx_HAL_Driver\Src\stm32f3xx_hal_i2c.o
HAL_I2C_Mem_Write_IT                              Drivers\STM32F3xx_HAL_Driver\Src\stm32f3xx_hal_i2c.o
HAL_I2C_MspDeInit                                 Drivers\STM32F3xx_HAL_Driver\Src\stm32f3xx_hal_i2c.o
HAL_I2C_MspInit                                   Drivers\STM32F3xx_HAL_Driver\Src\stm32f3xx_hal_i2c.o
HAL_I2C_SlaveRxCpltCallback                       Drivers\STM32F3xx_HAL_Driver\Src\stm32f3xx_hal_i2c.o
HAL_I2C_SlaveTxCpltCallback                       Drivers\STM32F3xx_HAL_Driver\Src\stm32f3xx_hal_i2c.o
HAL_I2C_Slave_Receive                             Drivers\STM32F3xx_HAL_Driver\Src\stm32f3xx_hal_i2c.o
HAL_I2C_Slave_Receive_DMA                         Drivers\STM32F3xx_HAL_Driver\Src\stm32f3xx_hal_i2c.o
HAL_I2C_Slave_Receive_IT                          Drivers\STM32F3xx_HAL_Driver\Src\stm32f3xx_hal_i2c.o
HAL_I2C_Slave_Sequential_Receive_IT               Drivers\STM32F3xx_HAL_Driver\Src\stm32f3xx_hal_i2c.o
HAL_I2C_Slave_Sequential_Transmit_IT              Drivers\STM32F3xx_HAL_Driver\Src\stm32f3xx_hal_i2c.o
HAL_I2C_Slave_Transmit                            Drivers\STM32F3xx_HAL_Driver\Src\stm32f3xx_hal_i2c.o
HAL_I2C_Slave_Transmit_DMA                        Drivers\STM32F3xx_HAL_Driver\Src\stm32f3xx_hal_i2c.o
HAL_I2C_Slave_Transmit_IT                         Drivers\STM32F3xx_HAL_Driver\Src\stm32f3xx_hal_i2c.o
HAL_IncTick                                       Drivers\STM32F3xx_HAL_Driver\Src\stm32f3xx_hal.o
                                                  Src\stm32f3xx_it.o
HAL_Init                                          Drivers\STM32F3xx_HAL_Driver\Src\stm32f3xx_hal.o
                                                  Src\main.o
HAL_InitTick                                      Drivers\STM32F3xx_HAL_Driver\Src\stm32f3xx_hal.o
                                                  Drivers\STM32F3xx_HAL_Driver\Src\stm32f3xx_hal_rcc.o
HAL_MPU_ConfigRegion                              Drivers\STM32F3xx_HAL_Driver\Src\stm32f3xx_hal_cortex.o
HAL_MspDeInit                                     Drivers\STM32F3xx_HAL_Driver\Src\stm32f3xx_hal.o
HAL_MspInit                                       Src\stm32f3xx_hal_msp.o
                                                  Drivers\STM32F3xx_HAL_Driver\Src\stm32f3xx_hal.o
HAL_NVIC_ClearPendingIRQ                          Drivers\STM32F3xx_HAL_Driver\Src\stm32f3xx_hal_cortex.o
HAL_NVIC_DisableIRQ                               Drivers\STM32F3xx_HAL_Driver\Src\stm32f3xx_hal_cortex.o
HAL_NVIC_EnableIRQ                                Drivers\STM32F3xx_HAL_Driver\Src\stm32f3xx_hal_cortex.o
HAL_NVIC_GetActive                                Drivers\STM32F3xx_HAL_Driver\Src\stm32f3xx_hal_cortex.o
HAL_NVIC_GetPendingIRQ                            Drivers\STM32F3xx_HAL_Driver\Src\stm32f3xx_hal_cortex.o
HAL_NVIC_GetPriority                              Drivers\STM32F3xx_HAL_Driver\Src\stm32f3xx_hal_cortex.o
HAL_NVIC_GetPriorityGrouping                      Drivers\STM32F3xx_HAL_Driver\Src\stm32f3xx_hal_cortex.o
HAL_NVIC_SetPendingIRQ                            Drivers\STM32F3xx_HAL_Driver\Src\stm32f3xx_hal_cortex.o
HAL_NVIC_SetPriority                              Drivers\STM32F3xx_HAL_Driver\Src\stm32f3xx_hal_cortex.o
                                                  Src\stm32f3xx_hal_msp.o
                                                  Src\main.o
                                                  Drivers\STM32F3xx_HAL_Driver\Src\stm32f3xx_hal.o
HAL_NVIC_SetPriorityGrouping                      Drivers\STM32F3xx_HAL_Driver\Src\stm32f3xx_hal_cortex.o
                                                  Src\stm32f3xx_hal_msp.o
                                                  Drivers\STM32F3xx_HAL_Driver\Src\stm32f3xx_hal.o
HAL_NVIC_SystemReset                              Drivers\STM32F3xx_HAL_Driver\Src\stm32f3xx_hal_cortex.o
HAL_PWR_ConfigPVD                                 Drivers\STM32F3xx_HAL_Driver\Src\stm32f3xx_hal_pwr_ex.o
HAL_PWR_DeInit                                    Drivers\STM32F3xx_HAL_Driver\Src\stm32f3xx_hal_pwr.o
HAL_PWR_DisableBkUpAccess                         Drivers\STM32F3xx_HAL_Driver\Src\stm32f3xx_hal_pwr.o
HAL_PWR_DisablePVD                                Drivers\STM32F3xx_HAL_Driver\Src\stm32f3xx_hal_pwr_ex.o
HAL_PWR_DisableSEVOnPend                          Drivers\STM32F3xx_HAL_Driver\Src\stm32f3xx_hal_pwr.o
HAL_PWR_DisableSleepOnExit                        Drivers\STM32F3xx_HAL_Driver\Src\stm32f3xx_hal_pwr.o
HAL_PWR_DisableWakeUpPin                          Drivers\STM32F3xx_HAL_Driver\Src\stm32f3xx_hal_pwr.o
HAL_PWR_EnableBkUpAccess                          Drivers\STM32F3xx_HAL_Driver\Src\stm32f3xx_hal_pwr.o
HAL_PWR_EnablePVD                                 Drivers\STM32F3xx_HAL_Driver\Src\stm32f3xx_hal_pwr_ex.o
HAL_PWR_EnableSEVOnPend                           Drivers\STM32F3xx_HAL_Driver\Src\stm32f3xx_hal_pwr.o
HAL_PWR_EnableSleepOnExit                         Drivers\STM32F3xx_HAL_Driver\Src\stm32f3xx_hal_pwr.o
HAL_PWR_EnableWakeUpPin                           Drivers\STM32F3xx_HAL_Driver\Src\stm32f3xx_hal_pwr.o
HAL_PWR_EnterSLEEPMode                            Drivers\STM32F3xx_HAL_Driver\Src\stm32f3xx_hal_pwr.o
HAL_PWR_EnterSTANDBYMode                          Drivers\STM32F3xx_HAL_Driver\Src\stm32f3xx_hal_pwr.o
HAL_PWR_EnterSTOPMode                             Drivers\STM32F3xx_HAL_Driver\Src\stm32f3xx_hal_pwr.o
HAL_PWR_PVDCallback                               Drivers\STM32F3xx_HAL_Driver\Src\stm32f3xx_hal_pwr_ex.o
HAL_PWR_PVD_IRQHandler                            Drivers\STM32F3xx_HAL_Driver\Src\stm32f3xx_hal_pwr_ex.o
HAL_RCCEx_GetPeriphCLKConfig                      Drivers\STM32F3xx_HAL_Driver\Src\stm32f3xx_hal_rcc_ex.o
HAL_RCCEx_GetPeriphCLKFreq                        Drivers\STM32F3xx_HAL_Driver\Src\stm32f3xx_hal_rcc_ex.o
HAL_RCCEx_PeriphCLKConfig                         Drivers\STM32F3xx_HAL_Driver\Src\stm32f3xx_hal_rcc_ex.o
HAL_RCC_CSSCallback                               Drivers\STM32F3xx_HAL_Driver\Src\stm32f3xx_hal_rcc.o
HAL_RCC_ClockConfig                               Drivers\STM32F3xx_HAL_Driver\Src\stm32f3xx_hal_rcc.o
                                                  Src\main.o
HAL_RCC_DeInit                                    Drivers\STM32F3xx_HAL_Driver\Src\stm32f3xx_hal_rcc.o
HAL_RCC_DisableCSS                                Drivers\STM32F3xx_HAL_Driver\Src\stm32f3xx_hal_rcc.o
HAL_RCC_EnableCSS                                 Drivers\STM32F3xx_HAL_Driver\Src\stm32f3xx_hal_rcc.o
HAL_RCC_GetClockConfig                            Drivers\STM32F3xx_HAL_Driver\Src\stm32f3xx_hal_rcc.o
HAL_RCC_GetHCLKFreq                               Drivers\STM32F3xx_HAL_Driver\Src\stm32f3xx_hal_rcc.o
                                                  Src\main.o
HAL_RCC_GetOscConfig                              Drivers\STM32F3xx_HAL_Driver\Src\stm32f3xx_hal_rcc.o
HAL_RCC_GetPCLK1Freq                              Drivers\STM32F3xx_HAL_Driver\Src\stm32f3xx_hal_rcc.o
                                                  Drivers\STM32F3xx_HAL_Driver\Src\stm32f3xx_hal_rcc_ex.o
HAL_RCC_GetPCLK2Freq                              Drivers\STM32F3xx_HAL_Driver\Src\stm32f3xx_hal_rcc.o
                                                  Drivers\STM32F3xx_HAL_Driver\Src\stm32f3xx_hal_rcc_ex.o
HAL_RCC_GetSysClockFreq                           Drivers\STM32F3xx_HAL_Driver\Src\stm32f3xx_hal_rcc.o
                                                  Drivers\STM32F3xx_HAL_Driver\Src\stm32f3xx_hal_rcc_ex.o
HAL_RCC_MCOConfig                                 Drivers\STM32F3xx_HAL_Driver\Src\stm32f3xx_hal_rcc.o
HAL_RCC_NMI_IRQHandler                            Drivers\STM32F3xx_HAL_Driver\Src\stm32f3xx_hal_rcc.o
HAL_RCC_OscConfig                                 Drivers\STM32F3xx_HAL_Driver\Src\stm32f3xx_hal_rcc.o
                                                  Src\main.o
HAL_ResumeTick                                    Drivers\STM32F3xx_HAL_Driver\Src\stm32f3xx_hal.o
HAL_SYSTICK_CLKSourceConfig                       Drivers\STM32F3xx_HAL_Driver\Src\stm32f3xx_hal_cortex.o
                                                  Src\main.o
HAL_SYSTICK_Callback                              Drivers\STM32F3xx_HAL_Driver\Src\stm32f3xx_hal_cortex.o
HAL_SYSTICK_Config                                Drivers\STM32F3xx_HAL_Driver\Src\stm32f3xx_hal_cortex.o
                                                  Src\main.o
                                                  Drivers\STM32F3xx_HAL_Driver\Src\stm32f3xx_hal.o
HAL_SYSTICK_IRQHandler                            Drivers\STM32F3xx_HAL_Driver\Src\stm32f3xx_hal_cortex.o
                                                  Src\stm32f3xx_it.o
HAL_SuspendTick                                   Drivers\STM32F3xx_HAL_Driver\Src\stm32f3xx_hal.o
HardFault_Handler                                 Drivers\CMSIS\Device\ST\STM32F3xx\Source\Templates\gcc\startup_stm32f303xc.o
I2C1_ER_IRQHandler                                Drivers\CMSIS\Device\ST\STM32F3xx\Source\Templates\gcc\startup_stm32f303xc.o
I2C1_EV_IRQHandler                                Drivers\CMSIS\Device\ST\STM32F3xx\Source\Templates\gcc\startup_stm32f303xc.o
I2C2_ER_IRQHandler                                Drivers\CMSIS\Device\ST\STM32F3xx\Source\Templates\gcc\startup_stm32f303xc.o
I2C2_EV_IRQHandler                                Drivers\CMSIS\Device\ST\STM32F3xx\Source\Templates\gcc\startup_stm32f303xc.o
MemManage_Handler                                 Drivers\CMSIS\Device\ST\STM32F3xx\Source\Templates\gcc\startup_stm32f303xc.o
NMI_Handler                                       Drivers\CMSIS\Device\ST\STM32F3xx\Source\Templates\gcc\startup_stm32f303xc.o
PVD_IRQHandler                                    Drivers\CMSIS\Device\ST\STM32F3xx\Source\Templates\gcc\startup_stm32f303xc.o
PendSV_Handler                                    Drivers\CMSIS\Device\ST\STM32F3xx\Source\Templates\gcc\startup_stm32f303xc.o
RCC_IRQHandler                                    Drivers\CMSIS\Device\ST\STM32F3xx\Source\Templates\gcc\startup_stm32f303xc.o
RTC_Alarm_IRQHandler                              Drivers\CMSIS\Device\ST\STM32F3xx\Source\Templates\gcc\startup_stm32f303xc.o
RTC_WKUP_IRQHandler                               Drivers\CMSIS\Device\ST\STM32F3xx\Source\Templates\gcc\startup_stm32f303xc.o
Reset_Handler                                     Drivers\CMSIS\Device\ST\STM32F3xx\Source\Templates\gcc\startup_stm32f303xc.o
SPI1_IRQHandler                                   Drivers\CMSIS\Device\ST\STM32F3xx\Source\Templates\gcc\startup_stm32f303xc.o
SPI2_IRQHandler                                   Drivers\CMSIS\Device\ST\STM32F3xx\Source\Templates\gcc\startup_stm32f303xc.o
SPI3_IRQHandler                                   Drivers\CMSIS\Device\ST\STM32F3xx\Source\Templates\gcc\startup_stm32f303xc.o
SVC_Handler                                       Drivers\CMSIS\Device\ST\STM32F3xx\Source\Templates\gcc\startup_stm32f303xc.o
SysTick_Handler                                   Src\stm32f3xx_it.o
                                                  Drivers\CMSIS\Device\ST\STM32F3xx\Source\Templates\gcc\startup_stm32f303xc.o
SystemClock_Config                                Src\main.o
SystemCoreClock                                   Drivers\CMSIS\Device\ST\STM32F3xx\Source\Templates\system_stm32f3xx.o
                                                  Drivers\STM32F3xx_HAL_Driver\Src\stm32f3xx_hal_rcc_ex.o
                                                  Drivers\STM32F3xx_HAL_Driver\Src\stm32f3xx_hal_rcc.o
                                                  Drivers\STM32F3xx_HAL_Driver\Src\stm32f3xx_hal.o
SystemCoreClockUpdate                             Drivers\CMSIS\Device\ST\STM32F3xx\Source\Templates\system_stm32f3xx.o
SystemInit                                        Drivers\CMSIS\Device\ST\STM32F3xx\Source\Templates\system_stm32f3xx.o
                                                  Drivers\CMSIS\Device\ST\STM32F3xx\Source\Templates\gcc\startup_stm32f303xc.o
TAMP_STAMP_IRQHandler                             Drivers\CMSIS\Device\ST\STM32F3xx\Source\Templates\gcc\startup_stm32f303xc.o
TIM1_BRK_TIM15_IRQHandler                         Drivers\CMSIS\Device\ST\STM32F3xx\Source\Templates\gcc\startup_stm32f303xc.o
TIM1_CC_IRQHandler                                Drivers\CMSIS\Device\ST\STM32F3xx\Source\Templates\gcc\startup_stm32f303xc.o
TIM1_TRG_COM_TIM17_IRQHandler                     Drivers\CMSIS\Device\ST\STM32F3xx\Source\Templates\gcc\startup_stm32f303xc.o
TIM1_UP_TIM16_IRQHandler                          Drivers\CMSIS\Device\ST\STM32F3xx\Source\Templates\gcc\startup_stm32f303xc.o
TIM2_IRQHandler                                   Drivers\CMSIS\Device\ST\STM32F3xx\Source\Templates\gcc\startup_stm32f303xc.o
TIM3_IRQHandler                                   Drivers\CMSIS\Device\ST\STM32F3xx\Source\Templates\gcc\startup_stm32f303xc.o
TIM4_IRQHandler                                   Drivers\CMSIS\Device\ST\STM32F3xx\Source\Templates\gcc\startup_stm32f303xc.o
TIM6_DAC_IRQHandler                               Drivers\CMSIS\Device\ST\STM32F3xx\Source\Templates\gcc\startup_stm32f303xc.o
TIM7_IRQHandler                                   Drivers\CMSIS\Device\ST\STM32F3xx\Source\Templates\gcc\startup_stm32f303xc.o
TIM8_BRK_IRQHandler                               Drivers\CMSIS\Device\ST\STM32F3xx\Source\Templates\gcc\startup_stm32f303xc.o
TIM8_CC_IRQHandler                                Drivers\CMSIS\Device\ST\STM32F3xx\Source\Templates\gcc\startup_stm32f303xc.o
TIM8_TRG_COM_IRQHandler                           Drivers\CMSIS\Device\ST\STM32F3xx\Source\Templates\gcc\startup_stm32f303xc.o
TIM8_UP_IRQHandler                                Drivers\CMSIS\Device\ST\STM32F3xx\Source\Templates\gcc\startup_stm32f303xc.o
UART4_IRQHandler                                  Drivers\CMSIS\Device\ST\STM32F3xx\Source\Templates\gcc\startup_stm32f303xc.o
UART5_IRQHandler                                  Drivers\CMSIS\Device\ST\STM32F3xx\Source\Templates\gcc\startup_stm32f303xc.o
USART1_IRQHandler                                 Drivers\CMSIS\Device\ST\STM32F3xx\Source\Templates\gcc\startup_stm32f303xc.o
USART2_IRQHandler                                 Drivers\CMSIS\Device\ST\STM32F3xx\Source\Templates\gcc\startup_stm32f303xc.o
USART3_IRQHandler                                 Drivers\CMSIS\Device\ST\STM32F3xx\Source\Templates\gcc\startup_stm32f303xc.o
USBWakeUp_IRQHandler                              Drivers\CMSIS\Device\ST\STM32F3xx\Source\Templates\gcc\startup_stm32f303xc.o
USBWakeUp_RMP_IRQHandler                          Drivers\CMSIS\Device\ST\STM32F3xx\Source\Templates\gcc\startup_stm32f303xc.o
USB_HP_CAN_TX_IRQHandler                          Drivers\CMSIS\Device\ST\STM32F3xx\Source\Templates\gcc\startup_stm32f303xc.o
USB_HP_IRQHandler                                 Drivers\CMSIS\Device\ST\STM32F3xx\Source\Templates\gcc\startup_stm32f303xc.o
USB_LP_CAN_RX0_IRQHandler                         Drivers\CMSIS\Device\ST\STM32F3xx\Source\Templates\gcc\startup_stm32f303xc.o
USB_LP_IRQHandler                                 Drivers\CMSIS\Device\ST\STM32F3xx\Source\Templates\gcc\startup_stm32f303xc.o
UsageFault_Handler                                Drivers\CMSIS\Device\ST\STM32F3xx\Source\Templates\gcc\startup_stm32f303xc.o
WWDG_IRQHandler                                   Drivers\CMSIS\Device\ST\STM32F3xx\Source\Templates\gcc\startup_stm32f303xc.o
__deregister_frame_info                           c:/program files (x86)/atollic/truestudio for arm 6.0.0/armtools/bin/../lib/gcc/arm-atollic-eabi/5.3.1/armv7e-m/fpu/crtbegin.o
__dso_handle                                      c:/program files (x86)/atollic/truestudio for arm 6.0.0/armtools/bin/../lib/gcc/arm-atollic-eabi/5.3.1/armv7e-m/fpu/crtbegin.o
__init_array_end                                  c:/program files (x86)/atollic/truestudio for arm 6.0.0/armtools/bin/../lib/gcc/arm-atollic-eabi/5.3.1/../../../../arm-atollic-eabi/lib/armv7e-m/fpu\libc.a(lib_a-init.o)
__init_array_start                                c:/program files (x86)/atollic/truestudio for arm 6.0.0/armtools/bin/../lib/gcc/arm-atollic-eabi/5.3.1/../../../../arm-atollic-eabi/lib/armv7e-m/fpu\libc.a(lib_a-init.o)
__libc_init_array                                 c:/program files (x86)/atollic/truestudio for arm 6.0.0/armtools/bin/../lib/gcc/arm-atollic-eabi/5.3.1/../../../../arm-atollic-eabi/lib/armv7e-m/fpu\libc.a(lib_a-init.o)
                                                  Drivers\CMSIS\Device\ST\STM32F3xx\Source\Templates\gcc\startup_stm32f303xc.o
__preinit_array_end                               c:/program files (x86)/atollic/truestudio for arm 6.0.0/armtools/bin/../lib/gcc/arm-atollic-eabi/5.3.1/../../../../arm-atollic-eabi/lib/armv7e-m/fpu\libc.a(lib_a-init.o)
__preinit_array_start                             c:/program files (x86)/atollic/truestudio for arm 6.0.0/armtools/bin/../lib/gcc/arm-atollic-eabi/5.3.1/../../../../arm-atollic-eabi/lib/armv7e-m/fpu\libc.a(lib_a-init.o)
__register_frame_info                             c:/program files (x86)/atollic/truestudio for arm 6.0.0/armtools/bin/../lib/gcc/arm-atollic-eabi/5.3.1/armv7e-m/fpu/crtbegin.o
_ebss                                             Drivers\CMSIS\Device\ST\STM32F3xx\Source\Templates\gcc\startup_stm32f303xc.o
_edata                                            Drivers\CMSIS\Device\ST\STM32F3xx\Source\Templates\gcc\startup_stm32f303xc.o
_estack                                           Drivers\CMSIS\Device\ST\STM32F3xx\Source\Templates\gcc\startup_stm32f303xc.o
_fini                                             c:/program files (x86)/atollic/truestudio for arm 6.0.0/armtools/bin/../lib/gcc/arm-atollic-eabi/5.3.1/armv7e-m/fpu/crti.o
_init                                             c:/program files (x86)/atollic/truestudio for arm 6.0.0/armtools/bin/../lib/gcc/arm-atollic-eabi/5.3.1/armv7e-m/fpu/crti.o
                                                  c:/program files (x86)/atollic/truestudio for arm 6.0.0/armtools/bin/../lib/gcc/arm-atollic-eabi/5.3.1/../../../../arm-atollic-eabi/lib/armv7e-m/fpu\libc.a(lib_a-init.o)
_sbss                                             Drivers\CMSIS\Device\ST\STM32F3xx\Source\Templates\gcc\startup_stm32f303xc.o
_sdata                                            Drivers\CMSIS\Device\ST\STM32F3xx\Source\Templates\gcc\startup_stm32f303xc.o
_sidata                                           Drivers\CMSIS\Device\ST\STM32F3xx\Source\Templates\gcc\startup_stm32f303xc.o
aPLLMULFactorTable                                Drivers\STM32F3xx_HAL_Driver\Src\stm32f3xx_hal_rcc.o
aPredivFactorTable                                Drivers\STM32F3xx_HAL_Driver\Src\stm32f3xx_hal_rcc.o
checkPushButtonDebounced                          Src\main.o
g_pfnVectors                                      Drivers\CMSIS\Device\ST\STM32F3xx\Source\Templates\gcc\startup_stm32f303xc.o
main                                              Src\main.o
                                                  Drivers\CMSIS\Device\ST\STM32F3xx\Source\Templates\gcc\startup_stm32f303xc.o
pFlash                                            Drivers\STM32F3xx_HAL_Driver\Src\stm32f3xx_hal_flash.o
                                                  Drivers\STM32F3xx_HAL_Driver\Src\stm32f3xx_hal_flash_ex.o
turnOnLed                                         Src\main.o
uwTick                                            Drivers\STM32F3xx_HAL_Driver\Src\stm32f3xx_hal.o
